# 生产同时段 A/B 原始输出：C1 = 组合版副本，H8 = int8 输出头副本；3 轮 × c1/c8 × 中英
C1-r1 c1 en r1: agg=160.2 per_stream_med=166.3 ttft_med=0.16s err=0 reason_chars=0
C1-r1 c1 en r2: agg=160.8 per_stream_med=173.7 ttft_med=0.15s err=0 reason_chars=0
C1-r1 c1 zh r1: agg=132.0 per_stream_med=136.3 ttft_med=0.15s err=0 reason_chars=0
C1-r1 c1 zh r2: agg=133.6 per_stream_med=138.2 ttft_med=0.16s err=0 reason_chars=0
C1-r1 c8 en r1: agg=659.0 per_stream_med=99.4 ttft_med=0.40s err=0 reason_chars=0
C1-r1 c8 en r2: agg=660.2 per_stream_med=98.1 ttft_med=0.40s err=0 reason_chars=0
C1-r1 c8 zh r1: agg=538.6 per_stream_med=79.2 ttft_med=0.37s err=0 reason_chars=0
C1-r1 c8 zh r2: agg=542.7 per_stream_med=79.7 ttft_med=0.39s err=0 reason_chars=0
H8-r1 c1 en r1: agg=144.8 per_stream_med=146.2 ttft_med=0.13s err=0 reason_chars=0
H8-r1 c1 en r2: agg=142.9 per_stream_med=155.1 ttft_med=0.14s err=0 reason_chars=0
H8-r1 c1 zh r1: agg=119.4 per_stream_med=121.7 ttft_med=0.12s err=0 reason_chars=0
H8-r1 c1 zh r2: agg=120.6 per_stream_med=124.9 ttft_med=0.12s err=0 reason_chars=0
H8-r1 c8 en r1: agg=596.1 per_stream_med=91.7 ttft_med=0.35s err=0 reason_chars=0
H8-r1 c8 en r2: agg=610.1 per_stream_med=89.9 ttft_med=0.35s err=0 reason_chars=0
H8-r1 c8 zh r1: agg=496.3 per_stream_med=72.5 ttft_med=0.36s err=0 reason_chars=0
H8-r1 c8 zh r2: agg=508.3 per_stream_med=74.3 ttft_med=0.33s err=0 reason_chars=0
C1-r2 c1 en r1: agg=161.2 per_stream_med=167.2 ttft_med=0.15s err=0 reason_chars=0
C1-r2 c1 en r2: agg=161.2 per_stream_med=174.1 ttft_med=0.15s err=0 reason_chars=0
C1-r2 c1 zh r1: agg=132.3 per_stream_med=136.6 ttft_med=0.15s err=0 reason_chars=0
C1-r2 c1 zh r2: agg=133.8 per_stream_med=138.4 ttft_med=0.15s err=0 reason_chars=0
C1-r2 c8 en r1: agg=659.8 per_stream_med=99.5 ttft_med=0.42s err=0 reason_chars=0
C1-r2 c8 en r2: agg=659.1 per_stream_med=98.2 ttft_med=0.42s err=0 reason_chars=0
C1-r2 c8 zh r1: agg=534.6 per_stream_med=80.0 ttft_med=0.41s err=0 reason_chars=0
C1-r2 c8 zh r2: agg=544.3 per_stream_med=80.8 ttft_med=0.39s err=0 reason_chars=0
H8-r2 c1 en r1: agg=144.2 per_stream_med=150.5 ttft_med=0.13s err=0 reason_chars=0
H8-r2 c1 en r2: agg=138.8 per_stream_med=147.2 ttft_med=0.13s err=0 reason_chars=0
H8-r2 c1 zh r1: agg=116.8 per_stream_med=117.7 ttft_med=0.13s err=0 reason_chars=0
H8-r2 c1 zh r2: agg=121.8 per_stream_med=126.3 ttft_med=0.12s err=0 reason_chars=0
H8-r2 c8 en r1: agg=597.3 per_stream_med=92.6 ttft_med=0.35s err=0 reason_chars=0
H8-r2 c8 en r2: agg=612.8 per_stream_med=90.1 ttft_med=0.32s err=0 reason_chars=0
H8-r2 c8 zh r1: agg=516.8 per_stream_med=75.4 ttft_med=0.34s err=0 reason_chars=0
H8-r2 c8 zh r2: agg=513.6 per_stream_med=76.2 ttft_med=0.36s err=0 reason_chars=0
C1-r3 c1 en r1: agg=160.8 per_stream_med=167.0 ttft_med=0.16s err=0 reason_chars=0
C1-r3 c1 en r2: agg=160.9 per_stream_med=174.0 ttft_med=0.16s err=0 reason_chars=0
C1-r3 c1 zh r1: agg=132.4 per_stream_med=136.7 ttft_med=0.16s err=0 reason_chars=0
C1-r3 c1 zh r2: agg=133.7 per_stream_med=138.4 ttft_med=0.16s err=0 reason_chars=0
C1-r3 c8 en r1: agg=660.8 per_stream_med=99.4 ttft_med=0.40s err=0 reason_chars=0
C1-r3 c8 en r2: agg=655.5 per_stream_med=98.5 ttft_med=0.42s err=0 reason_chars=0
C1-r3 c8 zh r1: agg=538.6 per_stream_med=80.4 ttft_med=0.40s err=0 reason_chars=0
C1-r3 c8 zh r2: agg=541.7 per_stream_med=79.8 ttft_med=0.42s err=0 reason_chars=0
H8-r3 c1 en r1: agg=148.0 per_stream_med=153.4 ttft_med=0.12s err=0 reason_chars=0
H8-r3 c1 en r2: agg=146.7 per_stream_med=155.4 ttft_med=0.12s err=0 reason_chars=0
H8-r3 c1 zh r1: agg=120.0 per_stream_med=121.9 ttft_med=0.12s err=0 reason_chars=0
H8-r3 c1 zh r2: agg=120.7 per_stream_med=126.4 ttft_med=0.13s err=0 reason_chars=0
H8-r3 c8 en r1: agg=607.7 per_stream_med=91.7 ttft_med=0.39s err=0 reason_chars=0
H8-r3 c8 en r2: agg=616.8 per_stream_med=90.5 ttft_med=0.32s err=0 reason_chars=0
H8-r3 c8 zh r1: agg=516.1 per_stream_med=75.2 ttft_med=0.34s err=0 reason_chars=0
H8-r3 c8 zh r2: agg=501.1 per_stream_med=75.2 ttft_med=0.31s err=0 reason_chars=0
SOAK_BENCH_DONE
